[joannacss.github.io/index.html]
[backblue.gif]
[fade.gif]
[index.html]
[stackpath.bootstrapcdn.com/bootstrap/4.5.2/css/bootstrap.min.css]
[joannacss.github.io/assets/bootstrap-dark/dist/bootstrap-nightfall.css]
[joannacss.github.io/assets/fontawesome-5.14.0/css/fontawesome.min.css]
[joannacss.github.io/assets/fontawesome-5.14.0/css/all.min.css]
[joannacss.github.io/assets/bootstrap-templates/css/sticky-footer-navbar.css]
[cdn.jsdelivr.net/gh/jpswalsh/academicons@1/css/academicons.min.css]
[joannacss.github.io/assets/custom/j.css]
[joannacss.github.io/apple-touch-icon.png]
[joannacss.github.io/favicon-32x32.png]
[joannacss.github.io/favicon-16x16.png]
[joannacss.github.io/site.webmanifest]
[joannacss.github.io/publications.html]
[joannacss.github.io/education.html]
[joannacss.github.io/services.html]
[joannacss.github.io/experience.html]
[joannacss.github.io/honors-awards.html]
[joannacss.github.io/assets/cv.pdf]
[joannacss.github.io/assets/img/profile-cropped.jpg]
[joannacss.github.io/assets/img/captcha-black.jpg]
[code.jquery.com/jquery-3.5.1.slim.min.js]
[cdn.jsdelivr.net/npm/popper.js@1.16.1/dist/umd/popper.min.js]
[stackpath.bootstrapcdn.com/bootstrap/4.5.2/js/bootstrap.min.js]
[joannacss.github.io/assets/custom/j.js]
[www.google-analytics.com/analytics.js]
[joannacss.github.io/index.html]
[stackpath.bootstrapcdn.com/bootstrap/4.5.2/css/bootstrap.min.css]
[joannacss.github.io/assets/bootstrap-dark/dist/bootstrap-nightfall.css]
[joannacss.github.io/assets/fontawesome-5.14.0/css/fontawesome.min.css]
[joannacss.github.io/assets/fontawesome-5.14.0/webfonts/fa-brands-400.eot]
[joannacss.github.io/assets/fontawesome-5.14.0/webfonts/fa-brands-400.woff2]
[joannacss.github.io/assets/fontawesome-5.14.0/webfonts/fa-brands-400d41d.eot]
[joannacss.github.io/assets/fontawesome-5.14.0/webfonts/fa-brands-400.woff]
[joannacss.github.io/assets/fontawesome-5.14.0/webfonts/fa-brands-400.ttf]
[joannacss.github.io/assets/fontawesome-5.14.0/webfonts/fa-regular-400.eot]
[joannacss.github.io/assets/fontawesome-5.14.0/webfonts/fa-regular-400d41d.eot]
[joannacss.github.io/assets/fontawesome-5.14.0/webfonts/fa-brands-400.svg]
[joannacss.github.io/assets/fontawesome-5.14.0/webfonts/fa-regular-400.woff2]
[joannacss.github.io/assets/fontawesome-5.14.0/webfonts/fa-regular-400.woff]
[joannacss.github.io/assets/fontawesome-5.14.0/webfonts/fa-regular-400.ttf]
[joannacss.github.io/assets/fontawesome-5.14.0/webfonts/fa-regular-400.svg]
[joannacss.github.io/assets/fontawesome-5.14.0/webfonts/fa-solid-900.eot]
[joannacss.github.io/assets/fontawesome-5.14.0/webfonts/fa-solid-900.woff2]
[joannacss.github.io/assets/fontawesome-5.14.0/webfonts/fa-solid-900d41d.eot]
[joannacss.github.io/assets/fontawesome-5.14.0/webfonts/fa-solid-900.woff]
[joannacss.github.io/assets/fontawesome-5.14.0/css/all.min.css]
[joannacss.github.io/assets/bootstrap-templates/css/sticky-footer-navbar.css]
[cdn.jsdelivr.net/gh/jpswalsh/academicons@1/css/academicons.min.css]
[joannacss.github.io/assets/custom/j.css]
[joannacss.github.io/assets/fontawesome-5.14.0/webfonts/fa-solid-900.ttf]
[joannacss.github.io/preprints/scam20-preprint.pdf]
[joannacss.github.io/preprints/ftfjp20-preprint.pdf]
[joannacss.github.io/assets/fontawesome-5.14.0/webfonts/fa-solid-900.svg]
[joannacss.github.io/preprints/issrew20-preprint.pdf]
[joannacss.github.io/{https_/doi.org/10.1145/3387940.3392222}]
[joannacss.github.io/preprints/icsew20-preprint.pdf]
[joannacss.github.io/preprints/icsaw20-preprint.pdf]
[joannacss.github.io/{https_/doi.org/10.1145/3338906.30.delayed]
[joannacss.github.io/preprints/fse19-preprint.pdf]
[joannacss.github.io/{http_/www.sciencedirect.com/science/article/pii/S0164121218302322}]
[joannacss.github.io/preprints/jss19-preprint.pdf]
[joannacss.github.io/preprints/icsa17-preprint.pdf]
[joannacss.github.io/preprints/icsaw17-preprint.pdf]
[joannacss.github.io/preprints/jss16-preprint.pdf]
[joannacss.github.io/preprints/emse16-preprint.pdf]
[joannacss.github.io/preprints/wicsa16-preprint.pdf]
[joannacss.github.io/preprints/itng16-preprint.pdf]
[joannacss.github.io/preprints/eatis12-preprint.pdf]
[joannacss.github.io/preprints/112061.pdf]
[joannacss.github.io/preprints/erbase2012-preprint.pdf]
[joannacss.github.io/preprints/1863-2958-1-SM.pdf]
[joannacss.github.io/preprints/A36.pdf]
[joannacss.github.io/preprints/A39.pdf]
[joannacss.github.io/preprints/A9.pdf]
[joannacss.github.io/publications.html]
[joannacss.github.io/education.html]
[joannacss.github.io/services.html]
[joannacss.github.io/experience.html]
[joannacss.github.io/honors-awards.html]
[joannacss.github.io/assets/fontawesome-5.14.0/webfonts/fa-brands-400.svg]
[joannacss.github.io/assets/fontawesome-5.14.0/webfonts/fa-regular-400.svg]
[joannacss.github.io/assets/fontawesome-5.14.0/webfonts/fa-solid-900.svg]
[joannacss.github.io/{https_/doi.org/10.1145/3387940.html]
[joannacss.github.io/{https_/doi.org/10.1145/3338906.html]
[joannacss.github.io/{http_/www.sciencedirect.com/science/article/pii/S0164121218302322}.html]
[joannacss.github.io/preprints/emse16-preprint.html]
